[Mon Mar  2 08:28:24 2026] PHP 8.3.6 Development Server (http://localhost:8000) started
[Mon Mar  2 08:29:19 2026] [::1]:59540 Accepted
[Mon Mar  2 08:29:19 2026] [::1]:59540 [200]: GET /index.php
[Mon Mar  2 08:29:19 2026] [::1]:59540 Closing
[Mon Mar  2 08:30:21 2026] [::1]:57452 Accepted
[Mon Mar  2 08:30:21 2026] [::1]:57452 [200]: GET /index.php
[Mon Mar  2 08:30:21 2026] [::1]:57452 Closing
[Mon Mar  2 08:30:43 2026] [::1]:38590 Accepted
[Mon Mar  2 08:30:43 2026] [::1]:38590 [200]: GET /index.php
[Mon Mar  2 08:30:43 2026] [::1]:38590 Closing
[Mon Mar  2 08:31:54 2026] [::1]:36174 Accepted
[Mon Mar  2 08:31:54 2026] [::1]:36174 [302]: GET /admin/reelshort.php
[Mon Mar  2 08:31:54 2026] [::1]:36174 Closing
[Mon Mar  2 08:32:13 2026] [::1]:34002 Accepted
[Mon Mar  2 08:32:13 2026] [::1]:34002 [302]: GET /admin/reelshort.php
[Mon Mar  2 08:32:13 2026] [::1]:34002 Closing
[Mon Mar  2 08:32:32 2026] [::1]:48066 Accepted
[Mon Mar  2 08:32:32 2026] [::1]:48066 [302]: GET /admin/reelshort.php
[Mon Mar  2 08:32:32 2026] [::1]:48066 Closing
[Mon Mar  2 08:33:02 2026] [::1]:44596 Accepted
[Mon Mar  2 08:33:02 2026] [::1]:44596 [200]: GET /set_session.php
[Mon Mar  2 08:33:02 2026] [::1]:44596 Closing
[Mon Mar  2 08:33:02 2026] [::1]:44600 Accepted
[Mon Mar  2 08:33:02 2026] [::1]:44600 [200]: GET /index.php
[Mon Mar  2 08:33:02 2026] [::1]:44600 Closing
[Mon Mar  2 08:34:13 2026] [::1]:57420 Accepted
[Mon Mar  2 08:34:13 2026] [::1]:57420 [200]: GET /index.php
[Mon Mar  2 08:34:13 2026] [::1]:57420 Closing
[Mon Mar  2 08:34:35 2026] [::1]:52530 Accepted
[Mon Mar  2 08:34:35 2026] [::1]:52530 [200]: GET /index.php
[Mon Mar  2 08:34:35 2026] [::1]:52530 Closing
[Mon Mar  2 08:34:57 2026] [::1]:49020 Accepted
[Mon Mar  2 08:34:57 2026] [::1]:49020 [200]: GET /set_session.php
[Mon Mar  2 08:34:57 2026] [::1]:49020 Closing
[Mon Mar  2 08:35:16 2026] [::1]:40434 Accepted
[Mon Mar  2 08:35:18 2026] [::1]:40434 [200]: GET /admin/reelshort.php
[Mon Mar  2 08:35:18 2026] [::1]:40434 Closing
